Universal time: 18:30:22
Standard time: 6:30:22 PM

New standard time: 8:20:20 PM
