
23:58:58
11:58:58 PM

23:58:59
11:58:59 PM

23:59:00
11:59:00 PM

23:59:01
11:59:01 PM

23:59:02
11:59:02 PM

23:59:03
11:59:03 PM

23:59:04
11:59:04 PM

23:59:05
11:59:05 PM

23:59:06
11:59:06 PM

23:59:07
11:59:07 PM

23:59:08
11:59:08 PM

23:59:09
11:59:09 PM

23:59:10
11:59:10 PM

23:59:11
11:59:11 PM

23:59:12
11:59:12 PM

23:59:13
11:59:13 PM

23:59:14
11:59:14 PM

23:59:15
11:59:15 PM

23:59:16
11:59:16 PM

23:59:17
11:59:17 PM

23:59:18
11:59:18 PM

23:59:19
11:59:19 PM

23:59:20
11:59:20 PM

23:59:21
11:59:21 PM

23:59:22
11:59:22 PM

23:59:23
11:59:23 PM

23:59:24
11:59:24 PM

23:59:25
11:59:25 PM

23:59:26
11:59:26 PM

23:59:27
11:59:27 PM

23:59:28
11:59:28 PM

23:59:29
11:59:29 PM

23:59:30
11:59:30 PM

23:59:31
11:59:31 PM

23:59:32
11:59:32 PM

23:59:33
11:59:33 PM

23:59:34
11:59:34 PM

23:59:35
11:59:35 PM

23:59:36
11:59:36 PM

23:59:37
11:59:37 PM

23:59:38
11:59:38 PM

23:59:39
11:59:39 PM

23:59:40
11:59:40 PM

23:59:41
11:59:41 PM

23:59:42
11:59:42 PM

23:59:43
11:59:43 PM

23:59:44
11:59:44 PM

23:59:45
11:59:45 PM

23:59:46
11:59:46 PM

23:59:47
11:59:47 PM

23:59:48
11:59:48 PM

23:59:49
11:59:49 PM

23:59:50
11:59:50 PM

23:59:51
11:59:51 PM

23:59:52
11:59:52 PM

23:59:53
11:59:53 PM

23:59:54
11:59:54 PM

23:59:55
11:59:55 PM

23:59:56
11:59:56 PM

23:59:57
11:59:57 PM

23:59:58
11:59:58 PM

23:59:59
11:59:59 PM

00:00:00
12:00:00 AM

00:00:01
12:00:01 AM

