
num1, deafult values
1/1
1

num2, (2, 2)
1/1
1

num12, (num1 + num2)
2/1
2

num12, (num1 - num2)
0
0

num12, (num1 * num2)
1/1
1

num12, (num1 / num2)
1/1
1

num3, (3, 2)
3/2
1.5

num4, (4, 2)
2/1
2

num34, (num3 + num4)
7/2
3.5

num34, (num3 - num4)
-1/2
-0.5

num34, (num3 * num4)
3/1
3

num34, (num3 / num4)
3/4
0.75

num5, (10, 3)
10/3
3.33333

num6, (-10, 3)
-10/3
-3.33333

num56, (num5 + num6)
0
0

num56, (num5 - num6)
20/3
6.66667

num56, (num5 * num6)
-100/9
-11.1111

num56, (num5 / num6)
-1/1
-1

num7, (10, -3)
-10/3
-3.33333

num8, (-10, -3)
10/3
3.33333

num78, (num7 + num8)
0
0

num78, (num7 - num8)
-20/3
-6.66667

num78, (num7 * num8)
-100/9
-11.1111

num78, (num7 / num8)
-1/1
-1

num9, (12, -3)
-4/1
-4

num0, (-2, -1)
2/1
2

num90, (num9 + num0)
-2/1
-2

num90, (num9 - num0)
-6/1
-6

num90, (num9 * num0)
-8/1
-8

num90, (num9 / num0)
-2/1
-2

