
Error 1: invalid length, set to 1.0.
Error 1: invalid width, set to 1.0.
Perimeter is 4
Area is 1

Perimeter is 26
Area is 22

