
one = 132135465432132165463132654564876434031
two = 867864534567867834536867345435123565969
one != two
one !> two
one < two
one = one + two = 1000000000000000000000000000000000000000
one = one - two = 132135465432132165463132654564876434031

