
       ♞   A   B   C   D   E   F   G   H   ♘
         ┏━━━┳━━━┳━━━┳━━━┳━━━┳━━━┳━━━┳━━━┓
       8 ┃ 32┃ 29┃ 12┃ 51┃ 44┃ 27┃ 10┃ 23┃ 8
         ┣━━━╋━━━╋━━━╋━━━╋━━━╋━━━╋━━━╋━━━┫
       7 ┃ 13┃ 56┃ 31┃ 28┃ 11┃ 24┃ 43┃ 26┃ 7
         ┣━━━╋━━━╋━━━╋━━━╋━━━╋━━━╋━━━╋━━━┫
       6 ┃ 30┃ 33┃ 50┃ 55┃ 52┃ 45┃ 22┃  9┃ 6
         ┣━━━╋━━━╋━━━╋━━━╋━━━╋━━━╋━━━╋━━━┫
       5 ┃ 57┃ 14┃ 53┃ 46┃ 49┃ 60┃ 25┃ 42┃ 5
         ┣━━━╋━━━╋━━━╋━━━╋━━━╋━━━╋━━━╋━━━┫
       4 ┃ 34┃ 47┃ 58┃ 61┃ 54┃ 41┃  8┃ 21┃ 4
         ┣━━━╋━━━╋━━━╋━━━╋━━━╋━━━╋━━━╋━━━┫
       3 ┃ 15┃ 62┃ 37┃ 48┃ 59┃ 18┃  5┃  2┃ 3
         ┣━━━╋━━━╋━━━╋━━━╋━━━╋━━━╋━━━╋━━━┫
       2 ┃ 38┃ 35┃ 64┃ 17┃ 40┃  3┃ 20┃  7┃ 2
         ┣━━━╋━━━╋━━━╋━━━╋━━━╋━━━╋━━━╋━━━┫
       1 ┃ 63┃ 16┃ 39┃ 36┃ 19┃  6┃  1┃  4┃ 1
         ┗━━━┻━━━┻━━━┻━━━┻━━━┻━━━┻━━━┻━━━┛
       ♘   A   B   C   D   E   F   G   H   ♞

