
1/1/1

2/29/1600

11/28/1999
11/29/1999
11/30/1999
12/1/1999
12/2/1999
12/3/1999
12/4/1999
12/5/1999
12/6/1999
12/7/1999
12/8/1999
12/9/1999
12/10/1999
12/11/1999
12/12/1999
12/13/1999
12/14/1999
12/15/1999
12/16/1999
12/17/1999
12/18/1999
12/19/1999
12/20/1999
12/21/1999
12/22/1999
12/23/1999
12/24/1999
12/25/1999
12/26/1999
12/27/1999
12/28/1999
12/29/1999
12/30/1999
12/31/1999
1/1/2000
1/2/2000

