The balance is 2666.67

The balance is 4000

The balance is 3777.78

The balance is 5666.67

