
12/31/1999
23:58:58
12/31/1999
11:58:58 PM

12/31/1999
23:58:59
12/31/1999
11:58:59 PM

12/31/1999
23:59:00
12/31/1999
11:59:00 PM

12/31/1999
23:59:01
12/31/1999
11:59:01 PM

12/31/1999
23:59:02
12/31/1999
11:59:02 PM

12/31/1999
23:59:03
12/31/1999
11:59:03 PM

12/31/1999
23:59:04
12/31/1999
11:59:04 PM

12/31/1999
23:59:05
12/31/1999
11:59:05 PM

12/31/1999
23:59:06
12/31/1999
11:59:06 PM

12/31/1999
23:59:07
12/31/1999
11:59:07 PM

12/31/1999
23:59:08
12/31/1999
11:59:08 PM

12/31/1999
23:59:09
12/31/1999
11:59:09 PM

12/31/1999
23:59:10
12/31/1999
11:59:10 PM

12/31/1999
23:59:11
12/31/1999
11:59:11 PM

12/31/1999
23:59:12
12/31/1999
11:59:12 PM

12/31/1999
23:59:13
12/31/1999
11:59:13 PM

12/31/1999
23:59:14
12/31/1999
11:59:14 PM

12/31/1999
23:59:15
12/31/1999
11:59:15 PM

12/31/1999
23:59:16
12/31/1999
11:59:16 PM

12/31/1999
23:59:17
12/31/1999
11:59:17 PM

12/31/1999
23:59:18
12/31/1999
11:59:18 PM

12/31/1999
23:59:19
12/31/1999
11:59:19 PM

12/31/1999
23:59:20
12/31/1999
11:59:20 PM

12/31/1999
23:59:21
12/31/1999
11:59:21 PM

12/31/1999
23:59:22
12/31/1999
11:59:22 PM

12/31/1999
23:59:23
12/31/1999
11:59:23 PM

12/31/1999
23:59:24
12/31/1999
11:59:24 PM

12/31/1999
23:59:25
12/31/1999
11:59:25 PM

12/31/1999
23:59:26
12/31/1999
11:59:26 PM

12/31/1999
23:59:27
12/31/1999
11:59:27 PM

12/31/1999
23:59:28
12/31/1999
11:59:28 PM

12/31/1999
23:59:29
12/31/1999
11:59:29 PM

12/31/1999
23:59:30
12/31/1999
11:59:30 PM

12/31/1999
23:59:31
12/31/1999
11:59:31 PM

12/31/1999
23:59:32
12/31/1999
11:59:32 PM

12/31/1999
23:59:33
12/31/1999
11:59:33 PM

12/31/1999
23:59:34
12/31/1999
11:59:34 PM

12/31/1999
23:59:35
12/31/1999
11:59:35 PM

12/31/1999
23:59:36
12/31/1999
11:59:36 PM

12/31/1999
23:59:37
12/31/1999
11:59:37 PM

12/31/1999
23:59:38
12/31/1999
11:59:38 PM

12/31/1999
23:59:39
12/31/1999
11:59:39 PM

12/31/1999
23:59:40
12/31/1999
11:59:40 PM

12/31/1999
23:59:41
12/31/1999
11:59:41 PM

12/31/1999
23:59:42
12/31/1999
11:59:42 PM

12/31/1999
23:59:43
12/31/1999
11:59:43 PM

12/31/1999
23:59:44
12/31/1999
11:59:44 PM

12/31/1999
23:59:45
12/31/1999
11:59:45 PM

12/31/1999
23:59:46
12/31/1999
11:59:46 PM

12/31/1999
23:59:47
12/31/1999
11:59:47 PM

12/31/1999
23:59:48
12/31/1999
11:59:48 PM

12/31/1999
23:59:49
12/31/1999
11:59:49 PM

12/31/1999
23:59:50
12/31/1999
11:59:50 PM

12/31/1999
23:59:51
12/31/1999
11:59:51 PM

12/31/1999
23:59:52
12/31/1999
11:59:52 PM

12/31/1999
23:59:53
12/31/1999
11:59:53 PM

12/31/1999
23:59:54
12/31/1999
11:59:54 PM

12/31/1999
23:59:55
12/31/1999
11:59:55 PM

12/31/1999
23:59:56
12/31/1999
11:59:56 PM

12/31/1999
23:59:57
12/31/1999
11:59:57 PM

12/31/1999
23:59:58
12/31/1999
11:59:58 PM

12/31/1999
23:59:59
12/31/1999
11:59:59 PM

1/1/2000
00:00:00
1/1/2000
12:00:00 AM

1/1/2000
00:00:01
1/1/2000
12:00:01 AM


